
> lego-instructions@ build /Users/michaelmenard/Development/monorepo
> turbo run build

• turbo 2.8.3
• Packages in scope: @repo/accessibility, @repo/accessibility-testing, @repo/api-client, @repo/api-core, @repo/api-types, @repo/app-component-library, @repo/app-dashboard, @repo/app-inspiration-gallery, @repo/app-instructions-gallery, @repo/app-sets-gallery, @repo/app-wishlist-gallery, @repo/auth-hooks, @repo/auth-services, @repo/auth-utils, @repo/cache, @repo/charts, @repo/cognito-client, @repo/cohesion-sidecar, @repo/context-pack-sidecar, @repo/db, @repo/design-system, @repo/file-list, @repo/file-validator, @repo/gallery, @repo/gallery-core, @repo/health-check-core, @repo/hooks, @repo/image-processing, @repo/knowledge-base, @repo/lambda-auth, @repo/lambda-responses, @repo/lambda-utils, @repo/lego-api, @repo/logger, @repo/main-app, @repo/mcp-tools, @repo/moc-instructions-core, @repo/moc-parts-lists-core, @repo/mock-data, @repo/observability, @repo/orchestrator, @repo/pii-sanitizer, @repo/pipeline, @repo/pipeline-queue, @repo/playwright, @repo/rate-limit, @repo/rate-limiter, @repo/reset-password, @repo/resilience, @repo/roadmap-svc, @repo/s3-client, @repo/search, @repo/sets-core, @repo/sidecar-http-utils, @repo/sidecar-role-pack, @repo/sidecar-rules-registry, @repo/tech-radar, @repo/upload, @repo/upload-client, @repo/upload-config, @repo/upload-config-core, @repo/upload-types, @repo/user-settings, @repo/vercel-adapter, @repo/vercel-multipart, @repo/wishlist-core, @repo/workflow-admin-app, @repo/workflow-logic, @repo/workflow-roadmap
• Running build in 69 packages
• Remote caching disabled
@repo/upload-types:build: cache hit, replaying logs 3d9bf94606a4e9e6
@repo/upload-types:build: 
@repo/upload-types:build: > @repo/upload-types@0.0.1 build /Users/michaelmenard/Development/monorepo/packages/core/upload-types
@repo/upload-types:build: > tsc
@repo/upload-types:build: 
@repo/design-system:build: cache hit, replaying logs fda0414de1e09026
@repo/design-system:build: 
@repo/design-system:build: > @repo/design-system@1.0.0 build /Users/michaelmenard/Development/monorepo/packages/core/design-system
@repo/design-system:build: > vite build
@repo/design-system:build: 
@repo/design-system:build: vite v5.4.21 building for production...
@repo/design-system:build: transforming...
@repo/design-system:build: ✓ 1 modules transformed.
@repo/design-system:build: rendering chunks...
@repo/design-system:build: computing gzip size...
@repo/design-system:build: dist/index.js  0.15 kB │ gzip: 0.14 kB │ map: 0.31 kB
@repo/design-system:build: dist/index.cjs  0.22 kB │ gzip: 0.18 kB │ map: 0.31 kB
@repo/design-system:build: ✓ built in 360ms
@repo/health-check-core:build: cache hit, replaying logs 0655a1f41c0d3091
@repo/health-check-core:build: 
@repo/health-check-core:build: > @repo/health-check-core@1.0.0 build /Users/michaelmenard/Development/monorepo/packages/backend/health-check-core
@repo/health-check-core:build: > tsc
@repo/health-check-core:build: 
@repo/lambda-utils:build: cache hit, replaying logs d06eb1ec510d7e66
@repo/lambda-utils:build: 
@repo/lambda-utils:build: > @repo/lambda-utils@1.0.0 build /Users/michaelmenard/Development/monorepo/packages/backend/lambda-utils
@repo/lambda-utils:build: > tsc
@repo/lambda-utils:build: 
@repo/vercel-multipart:build: cache hit, replaying logs 6b7f704ccc31cfd4
@repo/vercel-multipart:build: 
@repo/vercel-multipart:build: > @repo/vercel-multipart@1.0.0 build /Users/michaelmenard/Development/monorepo/packages/backend/vercel-multipart
@repo/vercel-multipart:build: > tsc
@repo/vercel-multipart:build: 
@repo/sidecar-http-utils:build: cache hit, replaying logs d03ca1b9e338559e
@repo/sidecar-http-utils:build: 
@repo/sidecar-http-utils:build: > @repo/sidecar-http-utils@1.0.0 build /Users/michaelmenard/Development/monorepo/packages/backend/sidecars/http-utils
@repo/sidecar-http-utils:build: > tsc
@repo/sidecar-http-utils:build: 
@repo/file-validator:build: cache hit, replaying logs 6cfa086295b049c9
@repo/file-validator:build: 
@repo/file-validator:build: > @repo/file-validator@1.0.0 build /Users/michaelmenard/Development/monorepo/packages/backend/file-validator
@repo/file-validator:build: > tsup
@repo/file-validator:build: 
@repo/file-validator:build: CLI Building entry: {"index":"src/index.ts"}
@repo/file-validator:build: CLI Using tsconfig: tsconfig.json
@repo/file-validator:build: CLI tsup v8.5.1
@repo/file-validator:build: CLI Using tsup config: /Users/michaelmenard/Development/monorepo/packages/backend/file-validator/tsup.config.ts
@repo/file-validator:build: CLI Target: es2020
@repo/file-validator:build: CLI Cleaning output folder
@repo/file-validator:build: CJS Build start
@repo/file-validator:build: ESM Build start
@repo/file-validator:build: ESM dist/index.mjs     11.03 KB
@repo/file-validator:build: ESM dist/index.mjs.map 25.04 KB
@repo/file-validator:build: ESM ⚡️ Build success in 1084ms
@repo/file-validator:build: CJS dist/index.js     11.66 KB
@repo/file-validator:build: CJS dist/index.js.map 25.04 KB
@repo/file-validator:build: CJS ⚡️ Build success in 1084ms
@repo/file-validator:build: DTS Build start
@repo/file-validator:build: DTS ⚡️ Build success in 12970ms
@repo/file-validator:build: DTS dist/index.d.ts  4.08 KB
@repo/file-validator:build: DTS dist/index.d.mts 4.08 KB
@repo/vercel-adapter:build: cache hit, replaying logs 0d97fa5acfb78abc
@repo/vercel-adapter:build: 
@repo/vercel-adapter:build: > @repo/vercel-adapter@1.0.0 build /Users/michaelmenard/Development/monorepo/packages/backend/vercel-adapter
@repo/vercel-adapter:build: > tsc
@repo/vercel-adapter:build: 
@repo/lambda-auth:build: cache hit, replaying logs 049582934655dd9d
@repo/lambda-auth:build: 
@repo/lambda-auth:build: > @repo/lambda-auth@1.0.0 build /Users/michaelmenard/Development/monorepo/packages/backend/lambda-auth
@repo/lambda-auth:build: > tsc
@repo/lambda-auth:build: 
@repo/accessibility:build: cache hit, replaying logs ad2316f9f55b9f7e
@repo/accessibility:build: 
@repo/accessibility:build: > @repo/accessibility@1.0.0 build /Users/michaelmenard/Development/monorepo/packages/core/accessibility
@repo/accessibility:build: > vite build
@repo/accessibility:build: 
@repo/accessibility:build: vite v5.4.21 building for production...
@repo/accessibility:build: transforming...
@repo/accessibility:build: ✓ 15 modules transformed.
@repo/accessibility:build: rendering chunks...
@repo/accessibility:build: computing gzip size...
@repo/accessibility:build: dist/index.js  21.26 kB │ gzip: 5.95 kB │ map: 53.68 kB
@repo/accessibility:build: dist/index.cjs  14.66 kB │ gzip: 5.12 kB │ map: 51.52 kB
@repo/accessibility:build: ✓ built in 1.70s
@repo/s3-client:build: cache hit, replaying logs fddaa609f560b17d
@repo/s3-client:build: 
@repo/s3-client:build: > @repo/s3-client@1.0.0 build /Users/michaelmenard/Development/monorepo/packages/backend/s3-client
@repo/s3-client:build: > tsc
@repo/s3-client:build: 
@repo/search:build: cache hit, replaying logs 60d77cce47d61506
@repo/search:build: 
@repo/search:build: > @repo/search@1.0.0 build /Users/michaelmenard/Development/monorepo/packages/backend/search
@repo/search:build: > tsup
@repo/search:build: 
@repo/search:build: CLI Building entry: src/index.ts
@repo/search:build: CLI Using tsconfig: tsconfig.json
@repo/search:build: CLI tsup v8.5.1
@repo/search:build: CLI Using tsup config: /Users/michaelmenard/Development/monorepo/packages/backend/search/tsup.config.ts
@repo/search:build: CLI Target: es2020
@repo/search:build: CLI Cleaning output folder
@repo/search:build: CJS Build start
@repo/search:build: ESM Build start
@repo/search:build: ESM dist/index.mjs     5.16 KB
@repo/search:build: ESM dist/index.mjs.map 12.35 KB
@repo/search:build: ESM ⚡️ Build success in 1103ms
@repo/search:build: CJS dist/index.js     5.21 KB
@repo/search:build: CJS dist/index.js.map 12.37 KB
@repo/search:build: CJS ⚡️ Build success in 1103ms
@repo/charts:build: cache hit, replaying logs 413fa27bf206b673
@repo/charts:build: 
@repo/charts:build: > @repo/charts@1.0.0 build /Users/michaelmenard/Development/monorepo/packages/core/charts
@repo/charts:build: > tsup src/index.ts --format cjs,esm --dts
@repo/charts:build: 
@repo/charts:build: CLI Building entry: src/index.ts
@repo/charts:build: CLI Using tsconfig: tsconfig.json
@repo/charts:build: CLI tsup v8.5.1
@repo/charts:build: CLI Target: esnext
@repo/charts:build: CJS Build start
@repo/charts:build: ESM Build start
@repo/charts:build: 
@repo/charts:build:  WARN  [33m▲ [43;33m[[43;30mWARNING[43;33m][0m [1mThe condition "types" here will never be used as it comes after both "import" and "require"[0m [package.json]
@repo/charts:build: 
@repo/charts:build:     package.json:36:6:
@repo/charts:build: [37m      36 │       [32m"types"[37m: "./src/index.ts"
@repo/charts:build:          ╵       [32m~~~~~~~[0m
@repo/charts:build: 
@repo/charts:build:   The "import" condition comes earlier and will be used for all "import" statements:
@repo/charts:build: 
@repo/charts:build:     package.json:34:6:
@repo/charts:build: [37m      34 │       [32m"import"[37m: "./src/index.ts",
@repo/charts:build:          ╵       [32m~~~~~~~~[0m
@repo/charts:build: 
@repo/charts:build:   The "require" condition comes earlier and will be used for all "require" calls:
@repo/charts:build: 
@repo/charts:build:     package.json:35:6:
@repo/charts:build: [37m      35 │       [32m"require"[37m: "./dist/index.js",
@repo/charts:build:          ╵       [32m~~~~~~~~~[0m
@repo/charts:build: 
@repo/charts:build: 
@repo/charts:build: 
@repo/charts:build: 
@repo/charts:build:  WARN  [33m▲ [43;33m[[43;30mWARNING[43;33m][0m [1mThe condition "types" here will never be used as it comes after both "import" and "require"[0m [package.json]
@repo/charts:build: 
@repo/charts:build:     package.json:36:6:
@repo/charts:build: [37m      36 │       [32m"types"[37m: "./src/index.ts"
@repo/charts:build:          ╵       [32m~~~~~~~[0m
@repo/charts:build: 
@repo/charts:build:   The "import" condition comes earlier and will be used for all "import" statements:
@repo/charts:build: 
@repo/charts:build:     package.json:34:6:
@repo/charts:build: [37m      34 │       [32m"import"[37m: "./src/index.ts",
@repo/charts:build:          ╵       [32m~~~~~~~~[0m
@repo/charts:build: 
@repo/charts:build:   The "require" condition comes earlier and will be used for all "require" calls:
@repo/charts:build: 
@repo/charts:build:     package.json:35:6:
@repo/charts:build: [37m      35 │       [32m"require"[37m: "./dist/index.js",
@repo/charts:build:          ╵       [32m~~~~~~~~~[0m
@repo/charts:build: 
@repo/charts:build: 
@repo/charts:build: 
@repo/charts:build: CJS dist/index.js 63.68 KB
@repo/charts:build: CJS ⚡️ Build success in 854ms
@repo/charts:build: ESM dist/index.mjs 59.43 KB
@repo/charts:build: ESM ⚡️ Build success in 904ms
@repo/charts:build: DTS Build start
@repo/charts:build: DTS ⚡️ Build success in 19279ms
@repo/charts:build: DTS dist/index.d.ts  5.07 KB
@repo/charts:build: DTS dist/index.d.mts 5.07 KB
@repo/image-processing:build: cache hit, replaying logs baebaf1cfcfdd3dc
@repo/image-processing:build: 
@repo/image-processing:build: > @repo/image-processing@1.0.0 build /Users/michaelmenard/Development/monorepo/packages/backend/image-processing
@repo/image-processing:build: > tsc
@repo/image-processing:build: 
@repo/cognito-client:build: cache hit, replaying logs 5188e2915e59127a
@repo/cognito-client:build: 
@repo/cognito-client:build: > @repo/cognito-client@1.0.0 build /Users/michaelmenard/Development/monorepo/packages/backend/cognito-client
@repo/cognito-client:build: > tsc
@repo/cognito-client:build: 
@repo/mock-data:build: cache hit, replaying logs 63b3164afb4fd1cb
@repo/mock-data:build: 
@repo/mock-data:build: > @repo/mock-data@0.1.0 build /Users/michaelmenard/Development/monorepo/packages/backend/mock-data
@repo/mock-data:build: > tsup
@repo/mock-data:build: 
@repo/mock-data:build: ▲ [WARNING] The condition "types" here will never be used as it comes after both "import" and "require" [package.json]
@repo/mock-data:build: 
@repo/mock-data:build:     package.json:35:6:
@repo/mock-data:build:       35 │       "types": "./src/index.ts"
@repo/mock-data:build:          ╵       ~~~~~~~
@repo/mock-data:build: 
@repo/mock-data:build:   The "import" condition comes earlier and will be used for all "import" statements:
@repo/mock-data:build: 
@repo/mock-data:build:     package.json:33:6:
@repo/mock-data:build:       33 │       "import": "./src/index.ts",
@repo/mock-data:build:          ╵       ~~~~~~~~
@repo/mock-data:build: 
@repo/mock-data:build:   The "require" condition comes earlier and will be used for all "require" calls:
@repo/mock-data:build: 
@repo/mock-data:build:     package.json:34:6:
@repo/mock-data:build:       34 │       "require": "./dist/index.js",
@repo/mock-data:build:          ╵       ~~~~~~~~~
@repo/mock-data:build: 
@repo/mock-data:build: ▲ [WARNING] The condition "types" here will never be used as it comes after both "import" and "require" [package.json]
@repo/mock-data:build: 
@repo/mock-data:build:     package.json:40:6:
@repo/mock-data:build:       40 │       "types": "./src/wishlist.ts"
@repo/mock-data:build:          ╵       ~~~~~~~
@repo/mock-data:build: 
@repo/mock-data:build:   The "import" condition comes earlier and will be used for all "import" statements:
@repo/mock-data:build: 
@repo/mock-data:build:     package.json:38:6:
@repo/mock-data:build:       38 │       "import": "./src/wishlist.ts",
@repo/mock-data:build:          ╵       ~~~~~~~~
@repo/mock-data:build: 
@repo/mock-data:build:   The "require" condition comes earlier and will be used for all "require" calls:
@repo/mock-data:build: 
@repo/mock-data:build:     package.json:39:6:
@repo/mock-data:build:       39 │       "require": "./dist/wishlist.js",
@repo/mock-data:build:          ╵       ~~~~~~~~~
@repo/mock-data:build: 
@repo/mock-data:build: ▲ [WARNING] The condition "types" here will never be used as it comes after both "import" and "require" [package.json]
@repo/mock-data:build: 
@repo/mock-data:build:     package.json:45:6:
@repo/mock-data:build:       45 │       "types": "./src/moc-instructions.ts"
@repo/mock-data:build:          ╵       ~~~~~~~
@repo/mock-data:build: 
@repo/mock-data:build:   The "import" condition comes earlier and will be used for all "import" statements:
@repo/mock-data:build: 
@repo/mock-data:build:     package.json:43:6:
@repo/mock-data:build:       43 │       "import": "./src/moc-instructions.ts",
@repo/mock-data:build:          ╵       ~~~~~~~~
@repo/mock-data:build: 
@repo/mock-data:build:   The "require" condition comes earlier and will be used for all "require" calls:
@repo/mock-data:build: 
@repo/mock-data:build:     package.json:44:6:
@repo/mock-data:build:       44 │       "require": "./dist/moc-instructions.js",
@repo/mock-data:build:          ╵       ~~~~~~~~~
@repo/mock-data:build: 
@repo/mock-data:build: ▲ [WARNING] The condition "types" here will never be used as it comes after both "import" and "require" [package.json]
@repo/mock-data:build: 
@repo/mock-data:build:     package.json:50:6:
@repo/mock-data:build:       50 │       "types": "./src/profile.ts"
@repo/mock-data:build:          ╵       ~~~~~~~
@repo/mock-data:build: 
@repo/mock-data:build:   The "import" condition comes earlier and will be used for all "import" statements:
@repo/mock-data:build: 
@repo/mock-data:build:     package.json:48:6:
@repo/mock-data:build:       48 │       "import": "./src/profile.ts",
@repo/mock-data:build:          ╵       ~~~~~~~~
@repo/mock-data:build: 
@repo/mock-data:build:   The "require" condition comes earlier and will be used for all "require" calls:
@repo/mock-data:build: 
@repo/mock-data:build:     package.json:49:6:
@repo/mock-data:build:       49 │       "require": "./dist/profile.js",
@repo/mock-data:build:          ╵       ~~~~~~~~~
@repo/mock-data:build: 
@repo/mock-data:build: ▲ [WARNING] The condition "types" here will never be used as it comes after both "import" and "require" [package.json]
@repo/mock-data:build: 
@repo/mock-data:build:     package.json:55:6:
@repo/mock-data:build:       55 │       "types": "./src/store.ts"
@repo/mock-data:build:          ╵       ~~~~~~~
@repo/mock-data:build: 
@repo/mock-data:build:   The "import" condition comes earlier and will be used for all "import" statements:
@repo/mock-data:build: 
@repo/mock-data:build:     package.json:53:6:
@repo/mock-data:build:       53 │       "import": "./src/store.ts",
@repo/mock-data:build:          ╵       ~~~~~~~~
@repo/mock-data:build: 
@repo/mock-data:build:   The "require" condition comes earlier and will be used for all "require" calls:
@repo/mock-data:build: 
@repo/mock-data:build:     package.json:54:6:
@repo/mock-data:build:       54 │       "require": "./dist/store.js",
@repo/mock-data:build:          ╵       ~~~~~~~~~
@repo/mock-data:build: 
@repo/mock-data:build: CLI Building entry: {"index":"src/index.ts","wishlist":"src/wishlist.ts","moc-instructions":"src/moc-instructions.ts","profile":"src/profile.ts"}
@repo/mock-data:build: CLI Using tsconfig: tsconfig.json
@repo/mock-data:build: CLI tsup v8.5.1
@repo/mock-data:build: CLI Using tsup config: /Users/michaelmenard/Development/monorepo/packages/backend/mock-data/tsup.config.ts
@repo/mock-data:build: CLI Target: es2020
@repo/mock-data:build: CLI Cleaning output folder
@repo/mock-data:build: CJS Build start
@repo/mock-data:build: ESM Build start
@repo/mock-data:build: 
@repo/mock-data:build:  WARN  [33m▲ [43;33m[[43;30mWARNING[43;33m][0m [1mThe condition "types" here will never be used as it comes after both "import" and "require"[0m [package.json]
@repo/mock-data:build: 
@repo/mock-data:build:     package.json:35:6:
@repo/mock-data:build: [37m      35 │       [32m"types"[37m: "./src/index.ts"
@repo/mock-data:build:          ╵       [32m~~~~~~~[0m
@repo/mock-data:build: 
@repo/mock-data:build:   The "import" condition comes earlier and will be used for all "import" statements:
@repo/mock-data:build: 
@repo/mock-data:build:     package.json:33:6:
@repo/mock-data:build: [37m      33 │       [32m"import"[37m: "./src/index.ts",
@repo/mock-data:build:          ╵       [32m~~~~~~~~[0m
@repo/mock-data:build: 
@repo/mock-data:build:   The "require" condition comes earlier and will be used for all "require" calls:
@repo/mock-data:build: 
@repo/mock-data:build:     package.json:34:6:
@repo/mock-data:build: [37m      34 │       [32m"require"[37m: "./dist/index.js",
@repo/mock-data:build:          ╵       [32m~~~~~~~~~[0m
@repo/mock-data:build: 
@repo/mock-data:build: 
@repo/mock-data:build: 
@repo/mock-data:build: 
@repo/mock-data:build:  WARN  [33m▲ [43;33m[[43;30mWARNING[43;33m][0m [1mThe condition "types" here will never be used as it comes after both "import" and "require"[0m [package.json]
@repo/mock-data:build: 
@repo/mock-data:build:     package.json:40:6:
@repo/mock-data:build: [37m      40 │       [32m"types"[37m: "./src/wishlist.ts"
@repo/mock-data:build:          ╵       [32m~~~~~~~[0m
@repo/mock-data:build: 
@repo/mock-data:build:   The "import" condition comes earlier and will be used for all "import" statements:
@repo/mock-data:build: 
@repo/mock-data:build:     package.json:38:6:
@repo/mock-data:build: [37m      38 │       [32m"import"[37m: "./src/wishlist.ts",
@repo/mock-data:build:          ╵       [32m~~~~~~~~[0m
@repo/mock-data:build: 
@repo/mock-data:build:   The "require" condition comes earlier and will be used for all "require" calls:
@repo/mock-data:build: 
@repo/mock-data:build:     package.json:39:6:
@repo/mock-data:build: [37m      39 │       [32m"require"[37m: "./dist/wishlist.js",
@repo/mock-data:build:          ╵       [32m~~~~~~~~~[0m
@repo/mock-data:build: 
@repo/mock-data:build: 
@repo/mock-data:build: 
@repo/mock-data:build: 
@repo/mock-data:build:  WARN  [33m▲ [43;33m[[43;30mWARNING[43;33m][0m [1mThe condition "types" here will never be used as it comes after both "import" and "require"[0m [package.json]
@repo/mock-data:build: 
@repo/mock-data:build:     package.json:45:6:
@repo/mock-data:build: [37m      45 │       [32m"types"[37m: "./src/moc-instructions.ts"
@repo/mock-data:build:          ╵       [32m~~~~~~~[0m
@repo/mock-data:build: 
@repo/mock-data:build:   The "import" condition comes earlier and will be used for all "import" statements:
@repo/mock-data:build: 
@repo/mock-data:build:     package.json:43:6:
@repo/mock-data:build: [37m      43 │       [32m"import"[37m: "./src/moc-instructions.ts",
@repo/mock-data:build:          ╵       [32m~~~~~~~~[0m
@repo/mock-data:build: 
@repo/mock-data:build:   The "require" condition comes earlier and will be used for all "require" calls:
@repo/mock-data:build: 
@repo/mock-data:build:     package.json:44:6:
@repo/mock-data:build: [37m      44 │       [32m"require"[37m: "./dist/moc-instructions.js",
@repo/mock-data:build:          ╵       [32m~~~~~~~~~[0m
@repo/mock-data:build: 
@repo/mock-data:build: 
@repo/mock-data:build: 
@repo/mock-data:build: 
@repo/mock-data:build:  WARN  [33m▲ [43;33m[[43;30mWARNING[43;33m][0m [1mThe condition "types" here will never be used as it comes after both "import" and "require"[0m [package.json]
@repo/mock-data:build: 
@repo/mock-data:build:     package.json:50:6:
@repo/mock-data:build: [37m      50 │       [32m"types"[37m: "./src/profile.ts"
@repo/mock-data:build:          ╵       [32m~~~~~~~[0m
@repo/mock-data:build: 
@repo/mock-data:build:   The "import" condition comes earlier and will be used for all "import" statements:
@repo/mock-data:build: 
@repo/mock-data:build:     package.json:48:6:
@repo/mock-data:build: [37m      48 │       [32m"import"[37m: "./src/profile.ts",
@repo/mock-data:build:          ╵       [32m~~~~~~~~[0m
@repo/mock-data:build: 
@repo/mock-data:build:   The "require" condition comes earlier and will be used for all "require" calls:
@repo/mock-data:build: 
@repo/mock-data:build:     package.json:49:6:
@repo/mock-data:build: [37m      49 │       [32m"require"[37m: "./dist/profile.js",
@repo/mock-data:build:          ╵       [32m~~~~~~~~~[0m
@repo/mock-data:build: 
@repo/mock-data:build: 
@repo/mock-data:build: 
@repo/mock-data:build: 
@repo/mock-data:build:  WARN  [33m▲ [43;33m[[43;30mWARNING[43;33m][0m [1mThe condition "types" here will never be used as it comes after both "import" and "require"[0m [package.json]
@repo/mock-data:build: 
@repo/mock-data:build:     package.json:55:6:
@repo/mock-data:build: [37m      55 │       [32m"types"[37m: "./src/store.ts"
@repo/mock-data:build:          ╵       [32m~~~~~~~[0m
@repo/mock-data:build: 
@repo/mock-data:build:   The "import" condition comes earlier and will be used for all "import" statements:
@repo/mock-data:build: 
@repo/mock-data:build:     package.json:53:6:
@repo/mock-data:build: [37m      53 │       [32m"import"[37m: "./src/store.ts",
@repo/mock-data:build:          ╵       [32m~~~~~~~~[0m
@repo/mock-data:build: 
@repo/mock-data:build:   The "require" condition comes earlier and will be used for all "require" calls:
@repo/mock-data:build: 
@repo/mock-data:build:     package.json:54:6:
@repo/mock-data:build: [37m      54 │       [32m"require"[37m: "./dist/store.js",
@repo/mock-data:build:          ╵       [32m~~~~~~~~~[0m
@repo/mock-data:build: 
@repo/mock-data:build: 
@repo/mock-data:build: 
@repo/mock-data:build: 
@repo/mock-data:build:  WARN  [33m▲ [43;33m[[43;30mWARNING[43;33m][0m [1mThe condition "types" here will never be used as it comes after both "import" and "require"[0m [package.json]
@repo/mock-data:build: 
@repo/mock-data:build:     package.json:35:6:
@repo/mock-data:build: [37m      35 │       [32m"types"[37m: "./src/index.ts"
@repo/mock-data:build:          ╵       [32m~~~~~~~[0m
@repo/mock-data:build: 
@repo/mock-data:build:   The "import" condition comes earlier and will be used for all "import" statements:
@repo/mock-data:build: 
@repo/mock-data:build:     package.json:33:6:
@repo/mock-data:build: [37m      33 │       [32m"import"[37m: "./src/index.ts",
@repo/mock-data:build:          ╵       [32m~~~~~~~~[0m
@repo/mock-data:build: 
@repo/mock-data:build:   The "require" condition comes earlier and will be used for all "require" calls:
@repo/mock-data:build: 
@repo/mock-data:build:     package.json:34:6:
@repo/mock-data:build: [37m      34 │       [32m"require"[37m: "./dist/index.js",
@repo/mock-data:build:          ╵       [32m~~~~~~~~~[0m
@repo/mock-data:build: 
@repo/mock-data:build: 
@repo/mock-data:build: 
@repo/mock-data:build: 
@repo/mock-data:build:  WARN  [33m▲ [43;33m[[43;30mWARNING[43;33m][0m [1mThe condition "types" here will never be used as it comes after both "import" and "require"[0m [package.json]
@repo/mock-data:build: 
@repo/mock-data:build:     package.json:40:6:
@repo/mock-data:build: [37m      40 │       [32m"types"[37m: "./src/wishlist.ts"
@repo/mock-data:build:          ╵       [32m~~~~~~~[0m
@repo/mock-data:build: 
@repo/mock-data:build:   The "import" condition comes earlier and will be used for all "import" statements:
@repo/mock-data:build: 
@repo/mock-data:build:     package.json:38:6:
@repo/mock-data:build: [37m      38 │       [32m"import"[37m: "./src/wishlist.ts",
@repo/mock-data:build:          ╵       [32m~~~~~~~~[0m
@repo/mock-data:build: 
@repo/mock-data:build:   The "require" condition comes earlier and will be used for all "require" calls:
@repo/mock-data:build: 
@repo/mock-data:build:     package.json:39:6:
@repo/mock-data:build: [37m      39 │       [32m"require"[37m: "./dist/wishlist.js",
@repo/mock-data:build:          ╵       [32m~~~~~~~~~[0m
@repo/mock-data:build: 
@repo/mock-data:build: 
@repo/mock-data:build: 
@repo/mock-data:build: 
@repo/mock-data:build:  WARN  [33m▲ [43;33m[[43;30mWARNING[43;33m][0m [1mThe condition "types" here will never be used as it comes after both "import" and "require"[0m [package.json]
@repo/mock-data:build: 
@repo/mock-data:build:     package.json:45:6:
@repo/mock-data:build: [37m      45 │       [32m"types"[37m: "./src/moc-instructions.ts"
@repo/mock-data:build:          ╵       [32m~~~~~~~[0m
@repo/mock-data:build: 
@repo/mock-data:build:   The "import" condition comes earlier and will be used for all "import" statements:
@repo/mock-data:build: 
@repo/mock-data:build:     package.json:43:6:
@repo/mock-data:build: [37m      43 │       [32m"import"[37m: "./src/moc-instructions.ts",
@repo/mock-data:build:          ╵       [32m~~~~~~~~[0m
@repo/mock-data:build: 
@repo/mock-data:build:   The "require" condition comes earlier and will be used for all "require" calls:
@repo/mock-data:build: 
@repo/mock-data:build:     package.json:44:6:
@repo/mock-data:build: [37m      44 │       [32m"require"[37m: "./dist/moc-instructions.js",
@repo/mock-data:build:          ╵       [32m~~~~~~~~~[0m
@repo/mock-data:build: 
@repo/mock-data:build: 
@repo/mock-data:build: 
@repo/mock-data:build: 
@repo/mock-data:build:  WARN  [33m▲ [43;33m[[43;30mWARNING[43;33m][0m [1mThe condition "types" here will never be used as it comes after both "import" and "require"[0m [package.json]
@repo/mock-data:build: 
@repo/mock-data:build:     package.json:50:6:
@repo/mock-data:build: [37m      50 │       [32m"types"[37m: "./src/profile.ts"
@repo/mock-data:build:          ╵       [32m~~~~~~~[0m
@repo/mock-data:build: 
@repo/mock-data:build:   The "import" condition comes earlier and will be used for all "import" statements:
@repo/mock-data:build: 
@repo/mock-data:build:     package.json:48:6:
@repo/mock-data:build: [37m      48 │       [32m"import"[37m: "./src/profile.ts",
@repo/mock-data:build:          ╵       [32m~~~~~~~~[0m
@repo/mock-data:build: 
@repo/mock-data:build:   The "require" condition comes earlier and will be used for all "require" calls:
@repo/mock-data:build: 
@repo/mock-data:build:     package.json:49:6:
@repo/mock-data:build: [37m      49 │       [32m"require"[37m: "./dist/profile.js",
@repo/mock-data:build:          ╵       [32m~~~~~~~~~[0m
@repo/mock-data:build: 
@repo/mock-data:build: 
@repo/mock-data:build: 
@repo/mock-data:build: 
@repo/mock-data:build:  WARN  [33m▲ [43;33m[[43;30mWARNING[43;33m][0m [1mThe condition "types" here will never be used as it comes after both "import" and "require"[0m [package.json]
@repo/mock-data:build: 
@repo/mock-data:build:     package.json:55:6:
@repo/mock-data:build: [37m      55 │       [32m"types"[37m: "./src/store.ts"
@repo/mock-data:build:          ╵       [32m~~~~~~~[0m
@repo/mock-data:build: 
@repo/mock-data:build:   The "import" condition comes earlier and will be used for all "import" statements:
@repo/mock-data:build: 
@repo/mock-data:build:     package.json:53:6:
@repo/mock-data:build: [37m      53 │       [32m"import"[37m: "./src/store.ts",
@repo/mock-data:build:          ╵       [32m~~~~~~~~[0m
@repo/mock-data:build: 
@repo/mock-data:build:   The "require" condition comes earlier and will be used for all "require" calls:
@repo/mock-data:build: 
@repo/mock-data:build:     package.json:54:6:
@repo/mock-data:build: [37m      54 │       [32m"require"[37m: "./dist/store.js",
@repo/mock-data:build:          ╵       [32m~~~~~~~~~[0m
@repo/mock-data:build: 
@repo/mock-data:build: 
@repo/mock-data:build: 
@repo/mock-data:build: CJS dist/wishlist.js         6.59 KB
@repo/mock-data:build: CJS dist/moc-instructions.js 17.68 KB
@repo/mock-data:build: CJS dist/index.js            73.48 KB
@repo/mock-data:build: CJS dist/profile.js          25.22 KB
@repo/mock-data:build: CJS ⚡️ Build success in 474ms
@repo/mock-data:build: ESM dist/index.mjs                         6.15 KB
@repo/mock-data:build: ESM dist/wishlist.mjs                      422.00 B
@repo/mock-data:build: ESM dist/profile.mjs                       444.00 B
@repo/mock-data:build: ESM dist/wishlistSlice-SKNN5EZI.mjs        832.00 B
@repo/mock-data:build: ESM dist/mocInstructionsSlice-BKAVF4GR.mjs 1.20 KB
@repo/mock-data:build: ESM dist/chunk-4UYDBRJB.mjs                6.27 KB
@repo/mock-data:build: ESM dist/profileSlice-2DRNVNA2.mjs         1.03 KB
@repo/mock-data:build: ESM dist/chunk-FNH7UIUM.mjs                3.59 KB
@repo/mock-data:build: ESM dist/chunk-HJYX3VIJ.mjs                15.82 KB
@repo/mock-data:build: ESM dist/chunk-UQI3OZCJ.mjs                16.26 KB
@repo/mock-data:build: ESM dist/chunk-7TCRBIKB.mjs                5.23 KB
@repo/mock-data:build: ESM dist/chunk-IR2O6TW4.mjs                7.07 KB
@repo/mock-data:build: ESM dist/moc-instructions.mjs              464.00 B
@repo/mock-data:build: ESM ⚡️ Build success in 474ms
@repo/mock-data:build: DTS Build start
@repo/mock-data:build: DTS ⚡️ Build success in 20574ms
@repo/mock-data:build: DTS dist/index.d.ts             14.82 KB
@repo/mock-data:build: DTS dist/wishlist.d.ts          1.40 KB
@repo/mock-data:build: DTS dist/moc-instructions.d.ts  2.99 KB
@repo/mock-data:build: DTS dist/profile.d.ts           1.81 KB
@repo/mock-data:build: DTS dist/index.d.mts            14.83 KB
@repo/mock-data:build: DTS dist/wishlist.d.mts         1.40 KB
@repo/mock-data:build: DTS dist/moc-instructions.d.mts 2.99 KB
@repo/mock-data:build: DTS dist/profile.d.mts          1.81 KB
@repo/tech-radar:build: cache hit, replaying logs efef12ef42f902c8
@repo/tech-radar:build: 
@repo/tech-radar:build: > @repo/tech-radar@1.0.0 build /Users/michaelmenard/Development/monorepo/packages/dev/tech-radar
@repo/tech-radar:build: > vite build
@repo/tech-radar:build: 
@repo/tech-radar:build: [33mThe CJS build of Vite's Node API is deprecated. See https://vite.dev/guide/troubleshooting.html#vite-cjs-node-api-deprecated for more details.[39m
@repo/tech-radar:build: vite v5.4.21 building for production...
@repo/tech-radar:build: transforming...
@repo/tech-radar:build: ✓ 1579 modules transformed.
@repo/tech-radar:build: rendering chunks...
@repo/tech-radar:build: computing gzip size...
@repo/tech-radar:build: dist/style.css         6.12 kB │ gzip:   1.83 kB
@repo/tech-radar:build: dist/tech-radar.mjs  921.98 kB │ gzip: 203.40 kB
@repo/tech-radar:build: dist/style.css            6.12 kB │ gzip:   1.83 kB
@repo/tech-radar:build: dist/tech-radar.umd.js  557.44 kB │ gzip: 169.27 kB
@repo/tech-radar:build: ✓ built in 35.65s
@repo/upload-config:build: cache hit, replaying logs 6b4f4ae4eac3e669
@repo/upload-config:build: 
@repo/upload-config:build: > @repo/upload-config@1.0.0 build /Users/michaelmenard/Development/monorepo/packages/tools/upload-config
@repo/upload-config:build: > tsc
@repo/upload-config:build: 
@repo/accessibility-testing:build: cache hit, replaying logs 393fb5a56fbaeb1c
@repo/accessibility-testing:build: 
@repo/accessibility-testing:build: > @repo/accessibility-testing@1.0.0 build /Users/michaelmenard/Development/monorepo/packages/core/accessibility-testing
@repo/accessibility-testing:build: > vite build
@repo/accessibility-testing:build: 
@repo/accessibility-testing:build: vite v5.4.21 building for production...
@repo/accessibility-testing:build: transforming...
@repo/accessibility-testing:build: ✓ 5 modules transformed.
@repo/accessibility-testing:build: [plugin:vite:reporter] [plugin vite:reporter] 
@repo/accessibility-testing:build: (!) /Users/michaelmenard/Development/monorepo/packages/core/accessibility-testing/src/axe.ts is dynamically imported by /Users/michaelmenard/Development/monorepo/packages/core/accessibility-testing/src/index.ts but also statically imported by /Users/michaelmenard/Development/monorepo/packages/core/accessibility-testing/src/index.ts, dynamic import will not move module into another chunk.
@repo/accessibility-testing:build: 
@repo/accessibility-testing:build: [plugin:vite:reporter] [plugin vite:reporter] 
@repo/accessibility-testing:build: (!) /Users/michaelmenard/Development/monorepo/packages/core/accessibility-testing/src/keyboard.ts is dynamically imported by /Users/michaelmenard/Development/monorepo/packages/core/accessibility-testing/src/index.ts but also statically imported by /Users/michaelmenard/Development/monorepo/packages/core/accessibility-testing/src/index.ts, dynamic import will not move module into another chunk.
@repo/accessibility-testing:build: 
@repo/accessibility-testing:build: rendering chunks...
@repo/accessibility-testing:build: computing gzip size...
@repo/accessibility-testing:build: dist/index.js  25.91 kB │ gzip: 7.95 kB │ map: 82.06 kB
@repo/accessibility-testing:build: [plugin:vite:reporter] [plugin vite:reporter] 
@repo/accessibility-testing:build: (!) /Users/michaelmenard/Development/monorepo/packages/core/accessibility-testing/src/axe.ts is dynamically imported by /Users/michaelmenard/Development/monorepo/packages/core/accessibility-testing/src/index.ts but also statically imported by /Users/michaelmenard/Development/monorepo/packages/core/accessibility-testing/src/index.ts, dynamic import will not move module into another chunk.
@repo/accessibility-testing:build: 
@repo/accessibility-testing:build: [plugin:vite:reporter] [plugin vite:reporter] 
@repo/accessibility-testing:build: (!) /Users/michaelmenard/Development/monorepo/packages/core/accessibility-testing/src/keyboard.ts is dynamically imported by /Users/michaelmenard/Development/monorepo/packages/core/accessibility-testing/src/index.ts but also statically imported by /Users/michaelmenard/Development/monorepo/packages/core/accessibility-testing/src/index.ts, dynamic import will not move module into another chunk.
@repo/accessibility-testing:build: 
@repo/accessibility-testing:build: dist/index.cjs  18.57 kB │ gzip: 6.35 kB │ map: 79.44 kB
@repo/accessibility-testing:build: ✓ built in 3.14s
@repo/pii-sanitizer:build: cache hit, replaying logs 045af8f3d94c0cec
@repo/pii-sanitizer:build: 
@repo/pii-sanitizer:build: > @repo/pii-sanitizer@1.0.0 build /Users/michaelmenard/Development/monorepo/packages/backend/pii-sanitizer
@repo/pii-sanitizer:build: > tsup
@repo/pii-sanitizer:build: 
@repo/pii-sanitizer:build: ▲ [WARNING] The condition "types" here will never be used as it comes after both "import" and "require" [package.json]
@repo/pii-sanitizer:build: 
@repo/pii-sanitizer:build:     package.json:19:6:
@repo/pii-sanitizer:build:       19 │       "types": "./src/index.ts"
@repo/pii-sanitizer:build:          ╵       ~~~~~~~
@repo/pii-sanitizer:build: 
@repo/pii-sanitizer:build:   The "import" condition comes earlier and will be used for all "import" statements:
@repo/pii-sanitizer:build: 
@repo/pii-sanitizer:build:     package.json:17:6:
@repo/pii-sanitizer:build:       17 │       "import": "./src/index.ts",
@repo/pii-sanitizer:build:          ╵       ~~~~~~~~
@repo/pii-sanitizer:build: 
@repo/pii-sanitizer:build:   The "require" condition comes earlier and will be used for all "require" calls:
@repo/pii-sanitizer:build: 
@repo/pii-sanitizer:build:     package.json:18:6:
@repo/pii-sanitizer:build:       18 │       "require": "./dist/index.js",
@repo/pii-sanitizer:build:          ╵       ~~~~~~~~~
@repo/pii-sanitizer:build: 
@repo/pii-sanitizer:build: CLI Building entry: src/index.ts
@repo/pii-sanitizer:build: CLI Using tsconfig: tsconfig.json
@repo/pii-sanitizer:build: CLI tsup v8.5.1
@repo/pii-sanitizer:build: CLI Using tsup config: /Users/michaelmenard/Development/monorepo/packages/backend/pii-sanitizer/tsup.config.ts
@repo/pii-sanitizer:build: CLI Target: es2020
@repo/pii-sanitizer:build: CLI Cleaning output folder
@repo/pii-sanitizer:build: CJS Build start
@repo/pii-sanitizer:build: ESM Build start
@repo/pii-sanitizer:build: 
@repo/pii-sanitizer:build:  WARN  [33m▲ [43;33m[[43;30mWARNING[43;33m][0m [1mThe condition "types" here will never be used as it comes after both "import" and "require"[0m [package.json]
@repo/pii-sanitizer:build: 
@repo/pii-sanitizer:build:     package.json:19:6:
@repo/pii-sanitizer:build: [37m      19 │       [32m"types"[37m: "./src/index.ts"
@repo/pii-sanitizer:build:          ╵       [32m~~~~~~~[0m
@repo/pii-sanitizer:build: 
@repo/pii-sanitizer:build:   The "import" condition comes earlier and will be used for all "import" statements:
@repo/pii-sanitizer:build: 
@repo/pii-sanitizer:build:     package.json:17:6:
@repo/pii-sanitizer:build: [37m      17 │       [32m"import"[37m: "./src/index.ts",
@repo/pii-sanitizer:build:          ╵       [32m~~~~~~~~[0m
@repo/pii-sanitizer:build: 
@repo/pii-sanitizer:build:   The "require" condition comes earlier and will be used for all "require" calls:
@repo/pii-sanitizer:build: 
@repo/pii-sanitizer:build:     package.json:18:6:
@repo/pii-sanitizer:build: [37m      18 │       [32m"require"[37m: "./dist/index.js",
@repo/pii-sanitizer:build:          ╵       [32m~~~~~~~~~[0m
@repo/pii-sanitizer:build: 
@repo/pii-sanitizer:build: 
@repo/pii-sanitizer:build: 
@repo/pii-sanitizer:build: 
@repo/pii-sanitizer:build:  WARN  [33m▲ [43;33m[[43;30mWARNING[43;33m][0m [1mThe condition "types" here will never be used as it comes after both "import" and "require"[0m [package.json]
@repo/pii-sanitizer:build: 
@repo/pii-sanitizer:build:     package.json:19:6:
@repo/pii-sanitizer:build: [37m      19 │       [32m"types"[37m: "./src/index.ts"
@repo/pii-sanitizer:build:          ╵       [32m~~~~~~~[0m
@repo/pii-sanitizer:build: 
@repo/pii-sanitizer:build:   The "import" condition comes earlier and will be used for all "import" statements:
@repo/pii-sanitizer:build: 
@repo/pii-sanitizer:build:     package.json:17:6:
@repo/pii-sanitizer:build: [37m      17 │       [32m"import"[37m: "./src/index.ts",
@repo/pii-sanitizer:build:          ╵       [32m~~~~~~~~[0m
@repo/pii-sanitizer:build: 
@repo/pii-sanitizer:build:   The "require" condition comes earlier and will be used for all "require" calls:
@repo/pii-sanitizer:build: 
@repo/pii-sanitizer:build:     package.json:18:6:
@repo/pii-sanitizer:build: [37m      18 │       [32m"require"[37m: "./dist/index.js",
@repo/pii-sanitizer:build:          ╵       [32m~~~~~~~~~[0m
@repo/pii-sanitizer:build: 
@repo/pii-sanitizer:build: 
@repo/pii-sanitizer:build: 
@repo/pii-sanitizer:build: ESM dist/index.mjs     11.62 KB
@repo/pii-sanitizer:build: ESM dist/index.mjs.map 30.78 KB
@repo/pii-sanitizer:build: ESM ⚡️ Build success in 1659ms
@repo/pii-sanitizer:build: CJS dist/index.js     12.41 KB
@repo/pii-sanitizer:build: CJS dist/index.js.map 30.78 KB
@repo/pii-sanitizer:build: CJS ⚡️ Build success in 1659ms
@repo/pii-sanitizer:build: DTS Build start
@repo/pii-sanitizer:build: DTS ⚡️ Build success in 9022ms
@repo/pii-sanitizer:build: DTS dist/index.d.ts  5.82 KB
@repo/pii-sanitizer:build: DTS dist/index.d.mts 5.82 KB
@repo/moc-parts-lists-core:build: cache hit, replaying logs d896672c0d99a4b6
@repo/moc-parts-lists-core:build: 
@repo/moc-parts-lists-core:build: > @repo/moc-parts-lists-core@1.0.0 build /Users/michaelmenard/Development/monorepo/packages/backend/moc-parts-lists-core
@repo/moc-parts-lists-core:build: > tsc
@repo/moc-parts-lists-core:build: 
@repo/logger:build: cache hit, replaying logs 605a06af1e802175
@repo/logger:build: 
@repo/logger:build: > @repo/logger@1.0.0 build /Users/michaelmenard/Development/monorepo/packages/core/logger
@repo/logger:build: > tsc
@repo/logger:build: 
@repo/rate-limit:build: cache hit, replaying logs f74a7a64640afe48
@repo/rate-limit:build: 
@repo/rate-limit:build: > @repo/rate-limit@1.0.0 build /Users/michaelmenard/Development/monorepo/packages/tools/rate-limit
@repo/rate-limit:build: > tsc
@repo/rate-limit:build: 
@repo/upload-config-core:build: cache hit, replaying logs 188b5145f9fb7f6f
@repo/upload-config-core:build: 
@repo/upload-config-core:build: > @repo/upload-config-core@1.0.0 build /Users/michaelmenard/Development/monorepo/packages/backend/upload-config-core
@repo/upload-config-core:build: > tsc
@repo/upload-config-core:build: 
@repo/api-types:build: cache hit, replaying logs f1cc460c49334316
@repo/api-types:build: 
@repo/api-types:build: > @repo/api-types@1.0.0 build /Users/michaelmenard/Development/monorepo/packages/shared/api-types
@repo/api-types:build: > tsc
@repo/api-types:build: 
@repo/gallery-core:build: cache hit, replaying logs 9ce201ecd0b3dd0b
@repo/gallery-core:build: 
@repo/gallery-core:build: > @repo/gallery-core@1.0.0 build /Users/michaelmenard/Development/monorepo/packages/backend/gallery-core
@repo/gallery-core:build: > tsc
@repo/gallery-core:build: 
@repo/auth-utils:build: cache hit, replaying logs 11e2afa20ed68d19
@repo/auth-utils:build: 
@repo/auth-utils:build: > @repo/auth-utils@0.0.1 build /Users/michaelmenard/Development/monorepo/packages/core/auth-utils
@repo/auth-utils:build: > vite build
@repo/auth-utils:build: 
@repo/auth-utils:build: vite v5.4.21 building for production...
@repo/auth-utils:build: transforming...
@repo/auth-utils:build: ✓ 3 modules transformed.
@repo/auth-utils:build: rendering chunks...
@repo/auth-utils:build: 
@repo/auth-utils:build: [vite:dts] Start generate declaration files...
@repo/auth-utils:build: computing gzip size...
@repo/auth-utils:build: dist/index.js         0.93 kB │ gzip: 0.38 kB
@repo/auth-utils:build: dist/jwt/index.js     1.42 kB │ gzip: 0.67 kB
@repo/auth-utils:build: dist/guards/index.js  6.93 kB │ gzip: 1.90 kB
@repo/auth-utils:build: [vite:dts] Declaration files built in 14748ms.
@repo/auth-utils:build: 
@repo/auth-utils:build: ✓ built in 15.01s
@repo/api-core:build: cache hit, replaying logs a164d448ddef67b6
@repo/api-core:build: 
@repo/api-core:build: > @repo/api-core@1.0.0 build /Users/michaelmenard/Development/monorepo/packages/api-core
@repo/api-core:build: > tsc
@repo/api-core:build: 
@repo/wishlist-core:build: cache hit, replaying logs fb4ec84f41d3f28d
@repo/wishlist-core:build: 
@repo/wishlist-core:build: > @repo/wishlist-core@1.0.0 build /Users/michaelmenard/Development/monorepo/packages/backend/wishlist-core
@repo/wishlist-core:build: > tsc
@repo/wishlist-core:build: 
@repo/hooks:build: cache hit, replaying logs 413b7cef3eb23881
@repo/hooks:build: 
@repo/hooks:build: > @repo/hooks@0.1.0 build /Users/michaelmenard/Development/monorepo/packages/core/hooks
@repo/hooks:build: > vite build
@repo/hooks:build: 
@repo/hooks:build: vite v5.4.21 building for production...
@repo/hooks:build: transforming...
@repo/hooks:build: ✓ 4 modules transformed.
@repo/hooks:build: rendering chunks...
@repo/hooks:build: 
@repo/hooks:build: [vite:dts] Start generate declaration files...
@repo/hooks:build: computing gzip size...
@repo/hooks:build: dist/useDelayedShow.js           0.38 kB │ gzip: 0.24 kB
@repo/hooks:build: dist/useUnsavedChangesPrompt.js  1.46 kB │ gzip: 0.63 kB
@repo/hooks:build: dist/useMultiSelect.js           1.73 kB │ gzip: 0.69 kB
@repo/hooks:build: dist/useLocalStorage.js          2.11 kB │ gzip: 0.78 kB
@repo/hooks:build: [vite:dts] Declaration files built in 12647ms.
@repo/hooks:build: 
@repo/hooks:build: ✓ built in 12.89s
@repo/auth-services:build: cache hit, replaying logs 57ef566b315781d9
@repo/auth-services:build: 
@repo/auth-services:build: > @repo/auth-services@0.0.1 build /Users/michaelmenard/Development/monorepo/packages/core/auth-services
@repo/auth-services:build: > vite build
@repo/auth-services:build: 
@repo/auth-services:build: vite v5.4.21 building for production...
@repo/auth-services:build: transforming...
@repo/auth-services:build: ✓ 3 modules transformed.
@repo/auth-services:build: rendering chunks...
@repo/auth-services:build: 
@repo/auth-services:build: [vite:dts] Start generate declaration files...
@repo/auth-services:build: computing gzip size...
@repo/auth-services:build: dist/index.js  2.60 kB │ gzip: 0.81 kB
@repo/auth-services:build: [vite:dts] Declaration files built in 6167ms.
@repo/auth-services:build: 
@repo/auth-services:build: ✓ built in 6.71s
@repo/pipeline-queue:build: cache hit, replaying logs e4aca8203bb99a6f
@repo/pipeline-queue:build: 
@repo/pipeline-queue:build: > @repo/pipeline-queue@1.0.0 build /Users/michaelmenard/Development/monorepo/packages/backend/pipeline-queue
@repo/pipeline-queue:build: > tsc
@repo/pipeline-queue:build: 
@repo/sidecar-role-pack:build: cache hit, replaying logs efdbf2d6065d196c
@repo/sidecar-role-pack:build: 
@repo/sidecar-role-pack:build: > @repo/sidecar-role-pack@1.0.0 build /Users/michaelmenard/Development/monorepo/packages/backend/sidecars/role-pack
@repo/sidecar-role-pack:build: > tsc
@repo/sidecar-role-pack:build: 
@repo/rate-limiter:build: cache hit, replaying logs 3cee60339d210a5c
@repo/workflow-logic:build: cache hit, replaying logs 639d5fad57123511
@repo/rate-limiter:build: 
@repo/rate-limiter:build: > @repo/rate-limiter@1.0.0 build /Users/michaelmenard/Development/monorepo/packages/backend/rate-limiter
@repo/rate-limiter:build: > tsc
@repo/rate-limiter:build: 
@repo/workflow-logic:build: 
@repo/workflow-logic:build: > @repo/workflow-logic@1.0.0 build /Users/michaelmenard/Development/monorepo/packages/backend/workflow-logic
@repo/workflow-logic:build: > tsc
@repo/workflow-logic:build: 
@repo/cache:build: cache hit, replaying logs 0dabdc9eb40666d1
@repo/cache:build: 
@repo/cache:build: > @repo/cache@1.0.0 build /Users/michaelmenard/Development/monorepo/packages/core/cache
@repo/cache:build: > vite build && tsc -p tsconfig.build.json
@repo/cache:build: 
@repo/cache:build: vite v5.4.21 building for production...
@repo/cache:build: transforming...
@repo/cache:build: ✓ 1 modules transformed.
@repo/cache:build: rendering chunks...
@repo/cache:build: computing gzip size...
@repo/cache:build: dist/shared-cache.js  1.65 kB │ gzip: 0.61 kB │ map: 3.93 kB
@repo/cache:build: dist/shared-cache.cjs  1.56 kB │ gzip: 0.60 kB │ map: 3.98 kB
@repo/cache:build: ✓ built in 1.26s
@repo/observability:build: cache hit, replaying logs 6a7081dd01ccaaf0
@repo/moc-instructions-core:build: cache hit, replaying logs 8579d462da5272ee
@repo/observability:build: 
@repo/observability:build: > @repo/observability@1.0.0 build /Users/michaelmenard/Development/monorepo/packages/backend/observability
@repo/observability:build: > tsc
@repo/observability:build: 
@repo/moc-instructions-core:build: 
@repo/moc-instructions-core:build: > @repo/moc-instructions-core@1.0.0 build /Users/michaelmenard/Development/monorepo/packages/backend/moc-instructions-core
@repo/moc-instructions-core:build: > tsc
@repo/moc-instructions-core:build: 
@repo/api-client:build: cache miss, executing 66f8181d91123a14
@repo/resilience:build: cache hit, replaying logs 617b61a55c2799f3
@repo/resilience:build: 
@repo/resilience:build: > @repo/resilience@1.0.0 build /Users/michaelmenard/Development/monorepo/packages/backend/resilience
@repo/resilience:build: > tsc
@repo/resilience:build: 
@repo/lambda-responses:build: cache hit, replaying logs d46b5e3456ed4d00
@repo/lambda-responses:build: 
@repo/lambda-responses:build: > @repo/lambda-responses@1.0.0 build /Users/michaelmenard/Development/monorepo/packages/backend/lambda-responses
@repo/lambda-responses:build: > tsc
@repo/lambda-responses:build: 
@repo/db:build: cache hit, replaying logs c441c32f9876e0c1
@repo/db:build: 
@repo/db:build: > @repo/db@1.0.0 build /Users/michaelmenard/Development/monorepo/packages/backend/db
@repo/db:build: > tsc
@repo/db:build: 
@repo/knowledge-base:build: cache miss, executing 983823b25f457a9a
@repo/api-client:build: 
@repo/api-client:build: > @repo/api-client@0.0.1 build /Users/michaelmenard/Development/monorepo/packages/core/api-client
@repo/api-client:build: > vite build
@repo/api-client:build: 
@repo/knowledge-base:build: 
@repo/knowledge-base:build: > @repo/knowledge-base@1.0.0 build /Users/michaelmenard/Development/monorepo/apps/api/knowledge-base
@repo/knowledge-base:build: > tsc
@repo/knowledge-base:build: 
@repo/api-client:build: vite v6.4.1 building for production...
@repo/sidecar-rules-registry:build: cache miss, executing 0a7f7a687f68c273
@repo/roadmap-svc:build: cache miss, executing a567126a0416c50b
@repo/context-pack-sidecar:build: cache miss, executing 6ef868ca7a6cfb17
@repo/sidecar-rules-registry:build: 
@repo/sidecar-rules-registry:build: > @repo/sidecar-rules-registry@1.0.0 build /Users/michaelmenard/Development/monorepo/packages/backend/sidecars/rules-registry
@repo/sidecar-rules-registry:build: > tsc
@repo/sidecar-rules-registry:build: 
@repo/roadmap-svc:build: 
@repo/roadmap-svc:build: > @repo/roadmap-svc@1.0.0 build /Users/michaelmenard/Development/monorepo/apps/api/workflow-admin/roadmap-svc
@repo/roadmap-svc:build: > tsc
@repo/roadmap-svc:build: 
@repo/context-pack-sidecar:build: 
@repo/context-pack-sidecar:build: > @repo/context-pack-sidecar@1.0.0 build /Users/michaelmenard/Development/monorepo/packages/backend/sidecars/context-pack
@repo/context-pack-sidecar:build: > tsc
@repo/context-pack-sidecar:build: 
@repo/mcp-tools:build: cache miss, executing 723f48a5910e48b6
@repo/mcp-tools:build: 
@repo/mcp-tools:build: > @repo/mcp-tools@1.0.0 build /Users/michaelmenard/Development/monorepo/packages/backend/mcp-tools
@repo/mcp-tools:build: > tsc
@repo/mcp-tools:build: 
@repo/roadmap-svc:build: src/services/planService.ts(736,37): error TS2345: Argument of type '{ storyId: string; title: string; description: string | null; state: string | null; priority: string | null; blockedByStory: string | null; createdAt: Date; updatedAt: Date; thrashCount: number; }' is not assignable to parameter of type 'LinkedStoryRow'.
@repo/roadmap-svc:build:   Type '{ storyId: string; title: string; description: string | null; state: string | null; priority: string | null; blockedByStory: string | null; createdAt: Date; updatedAt: Date; thrashCount: number; }' is missing the following properties from type 'LinkedStoryRow': linkId, sortOrder
@repo/roadmap-svc:build:  ELIFECYCLE  Command failed with exit code 2.
@repo/roadmap-svc:build: ERROR: command finished with error: command (/Users/michaelmenard/Development/monorepo/apps/api/workflow-admin/roadmap-svc) /Users/michaelmenard/.asdf/installs/nodejs/23.11.1/bin/pnpm run build exited (2)
@repo/roadmap-svc#build: command (/Users/michaelmenard/Development/monorepo/apps/api/workflow-admin/roadmap-svc) /Users/michaelmenard/.asdf/installs/nodejs/23.11.1/bin/pnpm run build exited (2)

 Tasks:    44 successful, 47 total
Cached:    41 cached, 47 total
  Time:    7.111s 
Failed:    @repo/roadmap-svc#build

 ERROR  run failed: command  exited (2)
 ELIFECYCLE  Command failed with exit code 2.
